Archive member included to satisfy reference by file (symbol)

d:/atmel studio/7.0/toolchain/avr8/avr8-gnu-toolchain/bin/../lib/gcc/avr/5.4.0/avr4\libgcc.a(_exit.o)
                              D:/Atmel Studio/7.0/Packs/Atmel/ATmega_DFP/1.3.300/gcc/dev/atmega48pa/avr4/crtatmega48pa.o (exit)
d:/atmel studio/7.0/toolchain/avr8/avr8-gnu-toolchain/bin/../lib/gcc/avr/5.4.0/avr4\libgcc.a(_clear_bss.o)
                              Flipdot.o (__do_clear_bss)

Allocating common symbols
Common symbol       size              file

f_data              0xa               Flipdot.o
f_write_delay       0x2               Flipdot.o
f_buffer            0x18              Flipdot.o

Discarded input sections

 .data          0x00000000        0x0 D:/Atmel Studio/7.0/Packs/Atmel/ATmega_DFP/1.3.300/gcc/dev/atmega48pa/avr4/crtatmega48pa.o
 .bss           0x00000000        0x0 D:/Atmel Studio/7.0/Packs/Atmel/ATmega_DFP/1.3.300/gcc/dev/atmega48pa/avr4/crtatmega48pa.o
 .group         0x00000000        0x8 Flipdot.o
 .group         0x00000000        0x8 Flipdot.o
 .group         0x00000000        0x8 Flipdot.o
 .group         0x00000000        0x8 Flipdot.o
 .group         0x00000000        0x8 Flipdot.o
 .group         0x00000000        0x8 Flipdot.o
 .group         0x00000000        0x8 Flipdot.o
 .group         0x00000000        0x8 Flipdot.o
 .group         0x00000000        0x8 Flipdot.o
 .group         0x00000000        0x8 Flipdot.o
 .group         0x00000000        0x8 Flipdot.o
 .group         0x00000000        0x8 Flipdot.o
 .group         0x00000000        0x8 Flipdot.o
 .group         0x00000000        0x8 Flipdot.o
 .text          0x00000000        0x0 Flipdot.o
 .data          0x00000000        0x0 Flipdot.o
 .bss           0x00000000        0x0 Flipdot.o
 .text.Flipdot_delay
                0x00000000       0x1c Flipdot.o
 .text.Flipdot_resetPins
                0x00000000       0x50 Flipdot.o
 .text.Flipdot_setDelay
                0x00000000       0x24 Flipdot.o
 .text.Flipdot_setBuffer
                0x00000000       0x52 Flipdot.o
 .progmem.data.font
                0x00000000       0xcd Flipdot.o
 .group         0x00000000        0x8 main.o
 .group         0x00000000        0x8 main.o
 .group         0x00000000        0x8 main.o
 .group         0x00000000        0x8 main.o
 .group         0x00000000        0x8 main.o
 .group         0x00000000        0x8 main.o
 .group         0x00000000        0x8 main.o
 .group         0x00000000        0x8 main.o
 .group         0x00000000        0x8 main.o
 .group         0x00000000        0x8 main.o
 .group         0x00000000        0x8 main.o
 .group         0x00000000        0x8 main.o
 .group         0x00000000        0x8 main.o
 .group         0x00000000        0x8 main.o
 .text          0x00000000        0x0 main.o
 .data          0x00000000        0x0 main.o
 .bss           0x00000000        0x0 main.o
 .debug_macro   0x00000000      0xa48 main.o
 .debug_macro   0x00000000      0x1c9 main.o
 .debug_macro   0x00000000       0x10 main.o
 .debug_macro   0x00000000      0x302 main.o
 .debug_macro   0x00000000       0x89 main.o
 .debug_macro   0x00000000       0xaa main.o
 .debug_macro   0x00000000      0xeb7 main.o
 .debug_macro   0x00000000      0x13a main.o
 .debug_macro   0x00000000       0xbd main.o
 .debug_macro   0x00000000       0x34 main.o
 .debug_macro   0x00000000       0x18 main.o
 .debug_macro   0x00000000       0x34 main.o
 .debug_macro   0x00000000       0xee main.o
 .debug_macro   0x00000000       0x22 main.o
 .text          0x00000000        0x0 d:/atmel studio/7.0/toolchain/avr8/avr8-gnu-toolchain/bin/../lib/gcc/avr/5.4.0/avr4\libgcc.a(_exit.o)
 .data          0x00000000        0x0 d:/atmel studio/7.0/toolchain/avr8/avr8-gnu-toolchain/bin/../lib/gcc/avr/5.4.0/avr4\libgcc.a(_exit.o)
 .bss           0x00000000        0x0 d:/atmel studio/7.0/toolchain/avr8/avr8-gnu-toolchain/bin/../lib/gcc/avr/5.4.0/avr4\libgcc.a(_exit.o)
 .text.libgcc.mul
                0x00000000        0x0 d:/atmel studio/7.0/toolchain/avr8/avr8-gnu-toolchain/bin/../lib/gcc/avr/5.4.0/avr4\libgcc.a(_exit.o)
 .text.libgcc.div
                0x00000000        0x0 d:/atmel studio/7.0/toolchain/avr8/avr8-gnu-toolchain/bin/../lib/gcc/avr/5.4.0/avr4\libgcc.a(_exit.o)
 .text.libgcc   0x00000000        0x0 d:/atmel studio/7.0/toolchain/avr8/avr8-gnu-toolchain/bin/../lib/gcc/avr/5.4.0/avr4\libgcc.a(_exit.o)
 .text.libgcc.prologue
                0x00000000        0x0 d:/atmel studio/7.0/toolchain/avr8/avr8-gnu-toolchain/bin/../lib/gcc/avr/5.4.0/avr4\libgcc.a(_exit.o)
 .text.libgcc.builtins
                0x00000000        0x0 d:/atmel studio/7.0/toolchain/avr8/avr8-gnu-toolchain/bin/../lib/gcc/avr/5.4.0/avr4\libgcc.a(_exit.o)
 .text.libgcc.fmul
                0x00000000        0x0 d:/atmel studio/7.0/toolchain/avr8/avr8-gnu-toolchain/bin/../lib/gcc/avr/5.4.0/avr4\libgcc.a(_exit.o)
 .text.libgcc.fixed
                0x00000000        0x0 d:/atmel studio/7.0/toolchain/avr8/avr8-gnu-toolchain/bin/../lib/gcc/avr/5.4.0/avr4\libgcc.a(_exit.o)
 .text          0x00000000        0x0 d:/atmel studio/7.0/toolchain/avr8/avr8-gnu-toolchain/bin/../lib/gcc/avr/5.4.0/avr4\libgcc.a(_clear_bss.o)
 .data          0x00000000        0x0 d:/atmel studio/7.0/toolchain/avr8/avr8-gnu-toolchain/bin/../lib/gcc/avr/5.4.0/avr4\libgcc.a(_clear_bss.o)
 .bss           0x00000000        0x0 d:/atmel studio/7.0/toolchain/avr8/avr8-gnu-toolchain/bin/../lib/gcc/avr/5.4.0/avr4\libgcc.a(_clear_bss.o)
 .text.libgcc.mul
                0x00000000        0x0 d:/atmel studio/7.0/toolchain/avr8/avr8-gnu-toolchain/bin/../lib/gcc/avr/5.4.0/avr4\libgcc.a(_clear_bss.o)
 .text.libgcc.div
                0x00000000        0x0 d:/atmel studio/7.0/toolchain/avr8/avr8-gnu-toolchain/bin/../lib/gcc/avr/5.4.0/avr4\libgcc.a(_clear_bss.o)
 .text.libgcc   0x00000000        0x0 d:/atmel studio/7.0/toolchain/avr8/avr8-gnu-toolchain/bin/../lib/gcc/avr/5.4.0/avr4\libgcc.a(_clear_bss.o)
 .text.libgcc.prologue
                0x00000000        0x0 d:/atmel studio/7.0/toolchain/avr8/avr8-gnu-toolchain/bin/../lib/gcc/avr/5.4.0/avr4\libgcc.a(_clear_bss.o)
 .text.libgcc.builtins
                0x00000000        0x0 d:/atmel studio/7.0/toolchain/avr8/avr8-gnu-toolchain/bin/../lib/gcc/avr/5.4.0/avr4\libgcc.a(_clear_bss.o)
 .text.libgcc.fmul
                0x00000000        0x0 d:/atmel studio/7.0/toolchain/avr8/avr8-gnu-toolchain/bin/../lib/gcc/avr/5.4.0/avr4\libgcc.a(_clear_bss.o)
 .text.libgcc.fixed
                0x00000000        0x0 d:/atmel studio/7.0/toolchain/avr8/avr8-gnu-toolchain/bin/../lib/gcc/avr/5.4.0/avr4\libgcc.a(_clear_bss.o)

Memory Configuration

Name             Origin             Length             Attributes
text             0x00000000         0x00002000         xr
data             0x00800060         0x0000ffa0         rw !x
eeprom           0x00810000         0x00010000         rw !x
fuse             0x00820000         0x00000003         rw !x
lock             0x00830000         0x00000400         rw !x
signature        0x00840000         0x00000400         rw !x
user_signatures  0x00850000         0x00000400         rw !x
*default*        0x00000000         0xffffffff

Linker script and memory map

Address of section .data set to 0x800100
LOAD D:/Atmel Studio/7.0/Packs/Atmel/ATmega_DFP/1.3.300/gcc/dev/atmega48pa/avr4/crtatmega48pa.o
LOAD Flipdot.o
LOAD main.o
START GROUP
LOAD d:/atmel studio/7.0/toolchain/avr8/avr8-gnu-toolchain/bin/../lib/gcc/avr/5.4.0/../../../../avr/lib/avr4\libm.a
END GROUP
START GROUP
LOAD d:/atmel studio/7.0/toolchain/avr8/avr8-gnu-toolchain/bin/../lib/gcc/avr/5.4.0/avr4\libgcc.a
LOAD d:/atmel studio/7.0/toolchain/avr8/avr8-gnu-toolchain/bin/../lib/gcc/avr/5.4.0/../../../../avr/lib/avr4\libm.a
LOAD d:/atmel studio/7.0/toolchain/avr8/avr8-gnu-toolchain/bin/../lib/gcc/avr/5.4.0/../../../../avr/lib/avr4\libc.a
LOAD D:/Atmel Studio/7.0/Packs/Atmel/ATmega_DFP/1.3.300/gcc/dev/atmega48pa/avr4\libatmega48pa.a
END GROUP
                0x00002000                __TEXT_REGION_LENGTH__ = DEFINED (__TEXT_REGION_LENGTH__)?__TEXT_REGION_LENGTH__:0x2000
                0x0000ffa0                __DATA_REGION_LENGTH__ = DEFINED (__DATA_REGION_LENGTH__)?__DATA_REGION_LENGTH__:0xffa0
                0x00010000                __EEPROM_REGION_LENGTH__ = DEFINED (__EEPROM_REGION_LENGTH__)?__EEPROM_REGION_LENGTH__:0x10000
                [0x00000003]                __FUSE_REGION_LENGTH__ = DEFINED (__FUSE_REGION_LENGTH__)?__FUSE_REGION_LENGTH__:0x400
                0x00000400                __LOCK_REGION_LENGTH__ = DEFINED (__LOCK_REGION_LENGTH__)?__LOCK_REGION_LENGTH__:0x400
                0x00000400                __SIGNATURE_REGION_LENGTH__ = DEFINED (__SIGNATURE_REGION_LENGTH__)?__SIGNATURE_REGION_LENGTH__:0x400
                0x00000400                __USER_SIGNATURE_REGION_LENGTH__ = DEFINED (__USER_SIGNATURE_REGION_LENGTH__)?__USER_SIGNATURE_REGION_LENGTH__:0x400

.hash
 *(.hash)

.dynsym
 *(.dynsym)

.dynstr
 *(.dynstr)

.gnu.version
 *(.gnu.version)

.gnu.version_d
 *(.gnu.version_d)

.gnu.version_r
 *(.gnu.version_r)

.rel.init
 *(.rel.init)

.rela.init
 *(.rela.init)

.rel.text
 *(.rel.text)
 *(.rel.text.*)
 *(.rel.gnu.linkonce.t*)

.rela.text
 *(.rela.text)
 *(.rela.text.*)
 *(.rela.gnu.linkonce.t*)

.rel.fini
 *(.rel.fini)

.rela.fini
 *(.rela.fini)

.rel.rodata
 *(.rel.rodata)
 *(.rel.rodata.*)
 *(.rel.gnu.linkonce.r*)

.rela.rodata
 *(.rela.rodata)
 *(.rela.rodata.*)
 *(.rela.gnu.linkonce.r*)

.rel.data
 *(.rel.data)
 *(.rel.data.*)
 *(.rel.gnu.linkonce.d*)

.rela.data
 *(.rela.data)
 *(.rela.data.*)
 *(.rela.gnu.linkonce.d*)

.rel.ctors
 *(.rel.ctors)

.rela.ctors
 *(.rela.ctors)

.rel.dtors
 *(.rel.dtors)

.rela.dtors
 *(.rela.dtors)

.rel.got
 *(.rel.got)

.rela.got
 *(.rela.got)

.rel.bss
 *(.rel.bss)

.rela.bss
 *(.rela.bss)

.rel.plt
 *(.rel.plt)

.rela.plt
 *(.rela.plt)

.text           0x00000000      0x27c
 *(.vectors)
 .vectors       0x00000000       0x34 D:/Atmel Studio/7.0/Packs/Atmel/ATmega_DFP/1.3.300/gcc/dev/atmega48pa/avr4/crtatmega48pa.o
                0x00000000                __vector_default
                0x00000000                __vectors
 *(.vectors)
 *(.progmem.gcc*)
                0x00000034                . = ALIGN (0x2)
                0x00000034                __trampolines_start = .
 *(.trampolines)
 .trampolines   0x00000034        0x0 linker stubs
 *(.trampolines*)
                0x00000034                __trampolines_end = .
 *libprintf_flt.a:*(.progmem.data)
 *libc.a:*(.progmem.data)
 *(.progmem*)
 .progmem.data.rows
                0x00000034        0xe Flipdot.o
                0x00000034                rows
 .progmem.data.columns
                0x00000042       0x30 Flipdot.o
                0x00000042                columns
                0x00000072                . = ALIGN (0x2)
 *(.jumptables)
 *(.jumptables*)
 *(.lowtext)
 *(.lowtext*)
                0x00000072                __ctors_start = .
 *(.ctors)
                0x00000072                __ctors_end = .
                0x00000072                __dtors_start = .
 *(.dtors)
                0x00000072                __dtors_end = .
 SORT(*)(.ctors)
 SORT(*)(.dtors)
 *(.init0)
 .init0         0x00000072        0x0 D:/Atmel Studio/7.0/Packs/Atmel/ATmega_DFP/1.3.300/gcc/dev/atmega48pa/avr4/crtatmega48pa.o
                0x00000072                __init
 *(.init0)
 *(.init1)
 *(.init1)
 *(.init2)
 .init2         0x00000072        0xc D:/Atmel Studio/7.0/Packs/Atmel/ATmega_DFP/1.3.300/gcc/dev/atmega48pa/avr4/crtatmega48pa.o
 *(.init2)
 *(.init3)
 *(.init3)
 *(.init4)
 .init4         0x0000007e       0x10 d:/atmel studio/7.0/toolchain/avr8/avr8-gnu-toolchain/bin/../lib/gcc/avr/5.4.0/avr4\libgcc.a(_clear_bss.o)
                0x0000007e                __do_clear_bss
 *(.init4)
 *(.init5)
 *(.init5)
 *(.init6)
 *(.init6)
 *(.init7)
 *(.init7)
 *(.init8)
 *(.init8)
 *(.init9)
 .init9         0x0000008e        0x4 D:/Atmel Studio/7.0/Packs/Atmel/ATmega_DFP/1.3.300/gcc/dev/atmega48pa/avr4/crtatmega48pa.o
 *(.init9)
 *(.text)
 .text          0x00000092        0x2 D:/Atmel Studio/7.0/Packs/Atmel/ATmega_DFP/1.3.300/gcc/dev/atmega48pa/avr4/crtatmega48pa.o
                0x00000092                __vector_22
                0x00000092                __vector_1
                0x00000092                __vector_24
                0x00000092                __vector_12
                0x00000092                __bad_interrupt
                0x00000092                __vector_6
                0x00000092                __vector_3
                0x00000092                __vector_23
                0x00000092                __vector_25
                0x00000092                __vector_11
                0x00000092                __vector_13
                0x00000092                __vector_17
                0x00000092                __vector_19
                0x00000092                __vector_7
                0x00000092                __vector_5
                0x00000092                __vector_4
                0x00000092                __vector_9
                0x00000092                __vector_2
                0x00000092                __vector_21
                0x00000092                __vector_15
                0x00000092                __vector_8
                0x00000092                __vector_14
                0x00000092                __vector_10
                0x00000092                __vector_16
                0x00000092                __vector_18
                0x00000092                __vector_20
                0x00000094                . = ALIGN (0x2)
 *(.text.*)
 .text.Flipdot_clearBuffer
                0x00000094       0x16 Flipdot.o
                0x00000094                Flipdot_clearBuffer
 .text.Flipdot_init
                0x000000aa       0x4c Flipdot.o
                0x000000aa                Flipdot_init
 .text.Flipdot_setData
                0x000000f6       0xa0 Flipdot.o
                0x000000f6                Flipdot_setData
 .text.Flipdot_writePixel
                0x00000196       0xd6 Flipdot.o
                0x00000196                Flipdot_writePixel
 .text.main     0x0000026c        0xc main.o
                0x0000026c                main
                0x00000278                . = ALIGN (0x2)
 *(.fini9)
 .fini9         0x00000278        0x0 d:/atmel studio/7.0/toolchain/avr8/avr8-gnu-toolchain/bin/../lib/gcc/avr/5.4.0/avr4\libgcc.a(_exit.o)
                0x00000278                _exit
                0x00000278                exit
 *(.fini9)
 *(.fini8)
 *(.fini8)
 *(.fini7)
 *(.fini7)
 *(.fini6)
 *(.fini6)
 *(.fini5)
 *(.fini5)
 *(.fini4)
 *(.fini4)
 *(.fini3)
 *(.fini3)
 *(.fini2)
 *(.fini2)
 *(.fini1)
 *(.fini1)
 *(.fini0)
 .fini0         0x00000278        0x4 d:/atmel studio/7.0/toolchain/avr8/avr8-gnu-toolchain/bin/../lib/gcc/avr/5.4.0/avr4\libgcc.a(_exit.o)
 *(.fini0)
                0x0000027c                _etext = .

.data           0x00800100        0x0 load address 0x0000027c
                [!provide]                PROVIDE (__data_start, .)
 *(.data)
 *(.data*)
 *(.gnu.linkonce.d*)
 *(.rodata)
 *(.rodata*)
 *(.gnu.linkonce.r*)
                0x00800100                . = ALIGN (0x2)
                0x00800100                _edata = .
                [!provide]                PROVIDE (__data_end, .)

.bss            0x00800100       0x24
                0x00800100                PROVIDE (__bss_start, .)
 *(.bss)
 *(.bss*)
 *(COMMON)
 COMMON         0x00800100       0x24 Flipdot.o
                0x00800100                f_data
                0x0080010a                f_write_delay
                0x0080010c                f_buffer
                0x00800124                PROVIDE (__bss_end, .)
                0x0000027c                __data_load_start = LOADADDR (.data)
                0x0000027c                __data_load_end = (__data_load_start + SIZEOF (.data))

.noinit         0x00800124        0x0
                [!provide]                PROVIDE (__noinit_start, .)
 *(.noinit*)
                [!provide]                PROVIDE (__noinit_end, .)
                0x00800124                _end = .
                [!provide]                PROVIDE (__heap_start, .)

.eeprom         0x00810000        0x0
 *(.eeprom*)
                0x00810000                __eeprom_end = .

.fuse
 *(.fuse)
 *(.lfuse)
 *(.hfuse)
 *(.efuse)

.lock
 *(.lock*)

.signature
 *(.signature*)

.user_signatures
 *(.user_signatures*)

.stab
 *(.stab)

.stabstr
 *(.stabstr)

.stab.excl
 *(.stab.excl)

.stab.exclstr
 *(.stab.exclstr)

.stab.index
 *(.stab.index)

.stab.indexstr
 *(.stab.indexstr)

.comment        0x00000000       0x30
 *(.comment)
 .comment       0x00000000       0x30 Flipdot.o
                                 0x31 (size before relaxing)
 .comment       0x00000030       0x31 main.o

.note.gnu.avr.deviceinfo
                0x00000000       0x40
 .note.gnu.avr.deviceinfo
                0x00000000       0x40 D:/Atmel Studio/7.0/Packs/Atmel/ATmega_DFP/1.3.300/gcc/dev/atmega48pa/avr4/crtatmega48pa.o

.note.gnu.build-id
 *(.note.gnu.build-id)

.debug
 *(.debug)

.line
 *(.line)

.debug_srcinfo
 *(.debug_srcinfo)

.debug_sfnames
 *(.debug_sfnames)

.debug_aranges  0x00000000       0x78
 *(.debug_aranges)
 .debug_aranges
                0x00000000       0x58 Flipdot.o
 .debug_aranges
                0x00000058       0x20 main.o

.debug_pubnames
 *(.debug_pubnames)

.debug_info     0x00000000      0xcca
 *(.debug_info .gnu.linkonce.wi.*)
 .debug_info    0x00000000      0x5f4 D:/Atmel Studio/7.0/Packs/Atmel/ATmega_DFP/1.3.300/gcc/dev/atmega48pa/avr4/crtatmega48pa.o
 .debug_info    0x000005f4      0x5a1 Flipdot.o
 .debug_info    0x00000b95      0x135 main.o

.debug_abbrev   0x00000000      0x771
 *(.debug_abbrev)
 .debug_abbrev  0x00000000      0x5a2 D:/Atmel Studio/7.0/Packs/Atmel/ATmega_DFP/1.3.300/gcc/dev/atmega48pa/avr4/crtatmega48pa.o
 .debug_abbrev  0x000005a2      0x11d Flipdot.o
 .debug_abbrev  0x000006bf       0xb2 main.o

.debug_line     0x00000000      0x850
 *(.debug_line .debug_line.* .debug_line_end)
 .debug_line    0x00000000      0x133 D:/Atmel Studio/7.0/Packs/Atmel/ATmega_DFP/1.3.300/gcc/dev/atmega48pa/avr4/crtatmega48pa.o
 .debug_line    0x00000133      0x518 Flipdot.o
 .debug_line    0x0000064b      0x205 main.o

.debug_frame    0x00000000       0xb8
 *(.debug_frame)
 .debug_frame   0x00000000       0x94 Flipdot.o
 .debug_frame   0x00000094       0x24 main.o

.debug_str      0x00000000     0x7567
 *(.debug_str)
 .debug_str     0x00000000      0x209 D:/Atmel Studio/7.0/Packs/Atmel/ATmega_DFP/1.3.300/gcc/dev/atmega48pa/avr4/crtatmega48pa.o
 .debug_str     0x00000209     0x734d Flipdot.o
                               0x7423 (size before relaxing)
 .debug_str     0x00007556       0x11 main.o
                               0x7344 (size before relaxing)

.debug_loc      0x00000000      0x71a
 *(.debug_loc)
 .debug_loc     0x00000000      0x71a Flipdot.o

.debug_macinfo
 *(.debug_macinfo)

.debug_weaknames
 *(.debug_weaknames)

.debug_funcnames
 *(.debug_funcnames)

.debug_typenames
 *(.debug_typenames)

.debug_varnames
 *(.debug_varnames)

.debug_pubtypes
 *(.debug_pubtypes)

.debug_ranges   0x00000000       0x58
 *(.debug_ranges)
 .debug_ranges  0x00000000       0x48 Flipdot.o
 .debug_ranges  0x00000048       0x10 main.o

.debug_macro    0x00000000     0x23d8
 *(.debug_macro)
 .debug_macro   0x00000000       0xa8 Flipdot.o
 .debug_macro   0x000000a8      0xa48 Flipdot.o
 .debug_macro   0x00000af0      0x1c9 Flipdot.o
 .debug_macro   0x00000cb9       0x10 Flipdot.o
 .debug_macro   0x00000cc9      0x302 Flipdot.o
 .debug_macro   0x00000fcb       0x89 Flipdot.o
 .debug_macro   0x00001054       0xaa Flipdot.o
 .debug_macro   0x000010fe      0xeb7 Flipdot.o
 .debug_macro   0x00001fb5      0x13a Flipdot.o
 .debug_macro   0x000020ef       0xbd Flipdot.o
 .debug_macro   0x000021ac       0x34 Flipdot.o
 .debug_macro   0x000021e0       0x18 Flipdot.o
 .debug_macro   0x000021f8       0x34 Flipdot.o
 .debug_macro   0x0000222c       0xee Flipdot.o
 .debug_macro   0x0000231a       0x22 Flipdot.o
 .debug_macro   0x0000233c       0x9c main.o
OUTPUT(Flipdot-lib.elf elf32-avr)
LOAD linker stubs
